// Jest Snapshot v1, https://goo.gl/fbAQLP

exports[`FarmHouses component renders the UI as expected 1`] = `
Array [
  <h1>
    Farm Houses:
  </h1>,
  <ul
    className="FarmList"
  />,
]
`;
